[debug] [2026-08-31T15:58:37.426Z] ----------------------------------------------------------------------
[debug] [2026-08-31T15:58:37.429Z] Command:       C:\Program Files\nodejs\node.exe C:\Users\belaidn\AppData\Roaming\npm\node_modules\firebase-tools\lib\bin\firebase.js init hosting
[debug] [2026-08-31T15:58:37.429Z] CLI Version:   15.28.2
[debug] [2026-08-31T15:58:37.429Z] Platform:      win32
[debug] [2026-08-31T15:58:37.429Z] Node Version:  v24.14.0
[debug] [2026-08-31T15:58:37.429Z] Detected Agent: unknown
[debug] [2026-08-31T15:58:37.429Z] Time:          Mon Aug 31 2026 17:58:37 GMT+0200 (Mitteleuropäische Sommerzeit)
[debug] [2026-08-31T15:58:37.429Z] ----------------------------------------------------------------------
[debug] 
[info] 
     ######## #### ########  ######## ########     ###     ######  ########
     ##        ##  ##     ## ##       ##     ##  ##   ##  ##       ##
     ######    ##  ########  ######   ########  #########  ######  ######
     ##        ##  ##    ##  ##       ##     ## ##     ##       ## ##
     ##       #### ##     ## ######## ########  ##     ##  ######  ########

You're about to initialize a Firebase project in this directory:

  C:\Users\belaidn\Documents\Dev_2\morse\client

[info] 
=== Project Setup
[info] 
[info] First, let's associate this project directory with a Firebase project.
[info] You can create multiple project aliases by running firebase use --add, 
[info] 
[debug] [2026-08-31T15:59:08.352Z] > command requires scopes: ["email","openid","https://www.googleapis.com/auth/cloudplatformprojects.readonly","https://www.googleapis.com/auth/firebase","https://www.googleapis.com/auth/cloud-platform"]
[debug] [2026-08-31T15:59:13.243Z] Running auto auth
[debug] [2026-08-31T15:59:13.246Z] No OAuth tokens found
[debug] [2026-08-31T15:59:13.247Z] >>> [apiv2][query] GET https://firebase.googleapis.com/v1beta1/projects pageSize=100
[debug] [2026-08-31T15:59:14.517Z] <<< [apiv2][status] GET https://firebase.googleapis.com/v1beta1/projects 200
[debug] [2026-08-31T15:59:14.517Z] <<< [apiv2][body] GET https://firebase.googleapis.com/v1beta1/projects [omitted]
[debug] [2026-08-31T15:59:28.075Z] ExitPromptError: User force closed the prompt with SIGINT
    at Interface.sigint (C:\Users\belaidn\AppData\Roaming\npm\node_modules\firebase-tools\node_modules\@inquirer\core\dist\commonjs\lib\create-prompt.js:101:37)
    at Interface.emit (node:events:508:28)
    at [_ttyWrite] [as _ttyWrite] (node:internal/readline/interface:1327:18)
    at ReadStream.onkeypress (node:internal/readline/interface:284:20)
    at ReadStream.emit (node:events:520:35)
    at emitKeys (node:internal/readline/utils:371:14)
    at emitKeys.next (<anonymous>)
    at ReadStream.onData (node:internal/readline/emitKeypressEvents:64:36)
    at ReadStream.emit (node:events:508:28)
    at addChunk (node:internal/streams/readable:563:12)
[error] 
[error] Error: An unexpected error has occurred.
